[backblue.gif]
[fade.gif]
[index.html]
[www.freereikicourse.com/mouseover.js]
[www.freereikicourse.com/img/hp/base/bg_body.jpg]
[www.freereikicourse.com/img/hp/base/bg_table.jpg]
[www.freereikicourse.com/img/hp/base/ba11.jpg]
[www.freereikicourse.com/img/hp/titles/mt.jpg]
[www.freereikicourse.com/img/hp/base/ba12.jpg]
[www.freereikicourse.com/img/hp/base/ba13.jpg]
[www.freereikicourse.com/img/hp/base/emailtile.jpg]
[www.freereikicourse.com/ml.js]
[www.freereikicourse.com/img/hp/base/ba31.jpg]
[www.freereikicourse.com/img/hp/main/mi6_1.jpg]
[www.freereikicourse.com/img/hp/base/ba14.jpg]
[www.freereikicourse.com/img/hp/base/ba15.jpg]
[www.freereikicourse.com/img/hp/base/navigtile1.jpg]
[www.freereikicourse.com/img/hp/base/ngtile1.jpg]
[www.freereikicourse.com/img/hp/navig/ngr11.gif]
[www.freereikicourse.com/img/hp/navig/ng11.gif]
[www.freereikicourse.com/img/hp/base/ba33.jpg]
[www.freereikicourse.com/img/hp/base/ngtile2.jpg]
[www.freereikicourse.com/img/hp/navig/ngr12.gif]
[www.freereikicourse.com/img/hp/navig/ng12.gif]
[www.freereikicourse.com/img/hp/base/ba34.jpg]
[www.freereikicourse.com/img/hp/base/ngtile3.jpg]
[www.freereikicourse.com/img/hp/navig/ngr13.gif]
[www.freereikicourse.com/img/hp/navig/ng13.gif]
[www.freereikicourse.com/img/hp/base/ba35.jpg]
[www.freereikicourse.com/img/hp/base/ngtile4.jpg]
[www.freereikicourse.com/img/hp/navig/ngr10.gif]
[www.freereikicourse.com/img/hp/navig/ng10.gif]
[www.freereikicourse.com/img/hp/base/ba36.jpg]
[www.freereikicourse.com/img/hp/base/ngtile5.jpg]
[www.freereikicourse.com/img/hp/navig/ngr2.gif]
[www.freereikicourse.com/img/hp/navig/ng2.gif]
[www.freereikicourse.com/img/hp/base/ba16.jpg]
[www.freereikicourse.com/img/hp/base/ba17.jpg]
[www.freereikicourse.com/img/hp/base/ba18.jpg]
[www.freereikicourse.com/img/hp/titles/st.jpg]
[www.freereikicourse.com/img/hp/base/ba32.jpg]
[www.freereikicourse.com/img/hp/base/tabletile1.jpg]
[www.freereikicourse.com/img/hp/base/ba30.jpg]
[www.freereikicourse.com/img/hp/base/mesg2.jpg]
[translate.google.com/translate_a/element.32a039.delayed]
[www.freereikicourse.com/images/imagesMASTER4b0a.jpg]
[www.freereikicourse.com/img/hp/base/ba19.jpg]
[www.freereikicourse.com/img/hp/base/tabletile2.jpg]
[www.freereikicourse.com/img/hp/base/ba20.jpg]
[www.freereikicourse.com/img/hp/base/ba21.jpg]
[www.freereikicourse.com/img/hp/base/mesg1.jpg]
[www.freereikicourse.com/images/hand6c98.jpg]
[www.freereikicourse.com/images/reikiFAV6c98.jpg]
[www.freereikicourse.com/images/digital_hanko_image.png]
[www.googletagmanager.com/gtag/js8589]
[www.freereikicourse.com/img/hp/base/ba22.jpg]
[www.freereikicourse.com/img/hp/base/ba23.jpg]
[www.freereikicourse.com/img/hp/base/naviglink1.jpg]
[www.freereikicourse.com/img/hp/base/ba24.jpg]
[www.freereikicourse.com/img/hp/base/ba25.jpg]
[www.freereikicourse.com/img/hp/base/ba26.jpg]
[www.freereikicourse.com/img/hp/base/footer.jpg]
[www.freereikicourse.com/img/hp/base/ba27.jpg]
[www.freereikicourse.com/img/hp/base/ba28.jpg]
[www.freereikicourse.com/img/hp/base/sitemaplink.jpg]
[www.freereikicourse.com/img/hp/base/ba29.jpg]
[www.freereikicourse.com/img/hp/base/adf1.jpg]
[www.freereikicourse.com/img/hp/base/admfooter.jpg]
[www.freereikicourse.com/img/hp/base/adf2.jpg]
[www.freereikicourse.com/img/hp/base/spacer.gif]
[www.freereikicourse.com/index.html]
[www.freereikicourse.com/img/css/common.css]
[www.freereikicourse.com/img/hp/css/hpstyle.css]
[www.freereikicourse.com/hp_subnavig.html]
[www.freereikicourse.com/hp_gen_subnavig.js]
[www.freereikicourse.com/gen_subnavig.js]
[www.freereikicourse.com/img/base/bg_body.jpg]
[www.freereikicourse.com/img/base/bg_table.jpg]
[www.freereikicourse.com/img/base/ba51.jpg]
[www.freereikicourse.com/img/titles/mt.jpg]
[www.freereikicourse.com/img/base/ba52.jpg]
[www.freereikicourse.com/img/base/ba53.jpg]
[www.freereikicourse.com/img/base/ba102.jpg]
[www.freereikicourse.com/img/base/ba54.jpg]
[www.freereikicourse.com/img/main/mi1_1039.jpg]
[www.freereikicourse.com/img/base/ba55.jpg]
[www.freereikicourse.com/img/base/ba56.jpg]
[www.freereikicourse.com/img/base/navigtile1.jpg]
[www.freereikicourse.com/img/base/spacer.gif]
[www.freereikicourse.com/img/base/ngtile1.jpg]
[www.freereikicourse.com/img/navig/ngirhp.gif]
[www.freereikicourse.com/img/navig/ngihp.gif]
[www.freereikicourse.com/img/base/ba72.jpg]
[www.freereikicourse.com/img/base/ngtile2.jpg]
[www.freereikicourse.com/img/navig/ngir11.gif]
[www.freereikicourse.com/img/navig/ngi11.gif]
[www.freereikicourse.com/img/base/ba73.jpg]
[www.freereikicourse.com/img/base/ngtile3.jpg]
[www.freereikicourse.com/img/navig/ngir12.gif]
[www.freereikicourse.com/img/navig/ngi12.gif]
[www.freereikicourse.com/img/base/ba74.jpg]
[www.freereikicourse.com/img/base/ngtile4.jpg]
[www.freereikicourse.com/img/navig/ngir13.gif]
[www.freereikicourse.com/img/navig/ngi13.gif]
[www.freereikicourse.com/img/base/ba75.jpg]
[www.freereikicourse.com/img/base/ngtile5.jpg]
[www.freereikicourse.com/img/navig/ngir10.gif]
[www.freereikicourse.com/img/navig/ngi10.gif]
[www.freereikicourse.com/img/base/ba57.jpg]
[www.freereikicourse.com/img/base/ba58.jpg]
[www.freereikicourse.com/img/base/ba59.jpg]
[www.freereikicourse.com/img/titles/st.jpg]
[www.freereikicourse.com/img/base/ba60.jpg]
[www.freereikicourse.com/img/base/ba301.jpg]
[www.freereikicourse.com/img/base/ba61.jpg]
[www.freereikicourse.com/img/base/ba106.jpg]
[www.freereikicourse.com/img/navig/ngrhp.gif]
[www.freereikicourse.com/img/navig/nghp.gif]
[www.freereikicourse.com/img/navig/ngr11.gif]
[www.freereikicourse.com/img/navig/ng11.gif]
[www.freereikicourse.com/img/navig/ngr12.gif]
[www.freereikicourse.com/img/navig/ng12.gif]
[www.freereikicourse.com/img/navig/ngr13.gif]
[www.freereikicourse.com/img/navig/ng13.gif]
[www.freereikicourse.com/img/navig/ngr10.gif]
[www.freereikicourse.com/img/navig/ng10.gif]
[www.freereikicourse.com/img/navig/ngr2.gif]
[www.freereikicourse.com/img/navig/ng2.gif]
[www.freereikicourse.com/img/navig/ngr6.gif]
[www.freereikicourse.com/img/navig/ng6.gif]
[www.freereikicourse.com/img/navig/ngr5.gif]
[www.freereikicourse.com/img/navig/ng5.gif]
[www.freereikicourse.com/img/navig/ngr4.gif]
[www.freereikicourse.com/img/navig/ng4.gif]
[www.freereikicourse.com/img/navig/ngr14.gif]
[www.freereikicourse.com/img/navig/ng14.gif]
[www.freereikicourse.com/img/base/ba.gif]
[www.freereikicourse.com/img/base/ba62.jpg]
[www.freereikicourse.com/img/base/ba302.jpg]
[www.freereikicourse.com/img/base/ba63.jpg]
[www.freereikicourse.com/img/base/ba64.jpg]
[www.freereikicourse.com/img/base/heading.jpg]
[www.freereikicourse.com/img/titles/ct_1039_2_11.jpg]
[www.freereikicourse.com/img/base/ba105.jpg]
[www.paypalobjects.com/en_GB/i/scr/pixel07cd.gif]
[www.paypalobjects.com/en_GB/i/scr/pixelcd00.gif]
[www.freereikicourse.com/images/Services-Animal-Reiki(1)698d.jpg]
[www.freereikicourse.com/images/package11b9.jpg]
[pagead2.googlesyndication.com/pagead/js/f.txt]
[www.freereikicourse.com/img/base/ba65.jpg]
[www.freereikicourse.com/img/base/ba66.jpg]
[www.freereikicourse.com/img/base/naviglink1.jpg]
[www.freereikicourse.com/img/base/ba67.jpg]
[www.freereikicourse.com/img/base/ba76.jpg]
[www.freereikicourse.com/img/base/ba68.jpg]
[www.freereikicourse.com/img/base/ba104.jpg]
[www.freereikicourse.com/img/base/ba69.jpg]
[www.freereikicourse.com/img/base/ba70.jpg]
[www.freereikicourse.com/img/base/sitemaplink.jpg]
[www.freereikicourse.com/img/base/ba71.jpg]
[www.freereikicourse.com/img/base/adf1.jpg]
[www.freereikicourse.com/img/base/admfooter.jpg]
[www.freereikicourse.com/img/base/adf2.jpg]
[www.freereikicourse.com/free_reiki_courses_11.html]
[www.freereikicourse.com/img/titles/ct_1039_2_12.jpg]
[www.paypalobjects.com/en_GB/i/scr/pixelfccb.gif]
[www.freereikicourse.com/images/Services-Animal-Reiki(1)44c4.jpg]
[www.freereikicourse.com/advanced_practitioner_level_2_12.html]
[www.freereikicourse.com/img/titles/ct_1039_2_13.jpg]
[www.paypalobjects.com/en_US/GB/i/btn/btn_donateCC_LG8248.gif]
[www.paypalobjects.com/en_GB/i/scr/pixel8248.gif]
[www.freereikicourse.com/images/Services-Animal-Reiki(1)d7a7.jpg]
[www.freereikicourse.com/images/package7407.jpg]
[www.freereikicourse.com/page_13.html]
[www.freereikicourse.com/img/titles/ct_1039_2_10.jpg]
[www.freereikicourse.com/images/packagee379.jpg]
[www.freereikicourse.com/free_attunements_10.html]
[www.freereikicourse.com/img/titles/ct_1039_2_2.jpg]
[www.freereikicourse.com/images/imagesMASTER704a.jpg]
[www.freereikicourse.com/images/chakraHL-group-shot2-min-min.png]
[www.freereikicourse.com/what_is_reiki_2.html]
[translate.google.com/translate_a/elementa039.html]
[www.freereikicourse.com/img/titles/ct_1039_2_6.jpg]
[www.freereikicourse.com/gallery_6.html]
[www.freereikicourse.com/guest_book_5.html]
[www.freereikicourse.com/img/titles/ct_1039_2_4.jpg]
[www.freereikicourse.com/contact_us_4.html]
[www.freereikicourse.com/img/titles/ct_1039_2_14.jpg]
[www.freereikicourse.com/reik_products_14.html]
[www.freereikicourse.com/site_map.html]
[de.mobilesitedesigner.com/tus/38698406/navig.html]
[www.freereikicourse.com/img/css/constyle.css]
[www.freereikicourse.com/subnavig.js]
[www.freereikicourse.com/index-2.html]
